// Jest Snapshot v1, https://goo.gl/fbAQLP

exports[`Card should render correctly in "debug" mode 1`] = `
<div
  className="news-card"
>
  <a>
     
    <h2 />
  </a>
  <img
    className="news-card__img"
  />
  <p />
</div>
`;
